// Jest Snapshot v1, https://goo.gl/fbAQLP

exports[`LandingPage should render correctly 1`] = `
<div>
  <div
    class="css-1t7lin7"
  >
    <div />
    <div
      class="chakra-stack css-czh84e"
    >
      <h2
        class="chakra-heading css-sq5xho"
      >
        Welcome to template.com
      </h2>
      <div
        class="chakra-input__group css-1l2eyqo"
        data-group="true"
      >
        <input
          class="chakra-input css-myj7kn"
          placeholder="Search for a roadmaps"
          value=""
        />
        <div
          class="chakra-input__right-addon css-dbv5e0"
        >
          <button
            aria-label="Close"
            class="css-1yxqp3b"
            type="button"
          >
            <svg
              aria-hidden="true"
              class="chakra-icon css-onkibi"
              focusable="false"
              viewBox="0 0 24 24"
            >
              <path
                d="M.439,21.44a1.5,1.5,0,0,0,2.122,2.121L11.823,14.3a.25.25,0,0,1,.354,0l9.262,9.263a1.5,1.5,0,1,0,2.122-2.121L14.3,12.177a.25.25,0,0,1,0-.354l9.263-9.262A1.5,1.5,0,0,0,21.439.44L12.177,9.7a.25.25,0,0,1-.354,0L2.561.44A1.5,1.5,0,0,0,.439,2.561L9.7,11.823a.25.25,0,0,1,0,.354Z"
                fill="currentColor"
              />
            </svg>
          </button>
        </div>
      </div>
      <div
        class="chakra-collapse"
        style="overflow: hidden; display: none; width: 50%; opacity: 0; height: 0px;"
      >
        <div
          class="chakra-stack css-1ha9ga8"
        />
      </div>
    </div>
  </div>
</div>
`;
